<?xml version="1.0" encoding="utf-8"?><testsuites><testsuite name="pytest" errors="0" failures="0" skipped="0" tests="3" time="22.893" timestamp="2022-05-21T12:54:35.421350" hostname="LAPTOP-AAHCCHDF"><testcase classname="test_HomePage.TestPCHomePage" name="test_homePage[getData0]" time="2.840" /><testcase classname="test_HomePage.TestPCHomePage" name="test_homePage[getData1]" time="0.588" /><testcase classname="test_e2e.TestOne" name="test_e2e" time="15.654" /></testsuite></testsuites>